// Jest Snapshot v1, https://goo.gl/fbAQLP

exports[`SHOULD render the Providers 1`] = `
<View
  testID="theme-provider"
>
  <View
    testID="i18n-provider"
  >
    <View
      testID="presentation-provider-children"
    />
  </View>
</View>
`;
